2025-06-15 11:49:24: loadConfig()
2025-06-15 11:49:24: run()
2025-06-15 11:50:14: loadConfig()
2025-06-15 11:50:14: run()
2025-06-15 12:13:30: loadConfig()
2025-06-15 12:13:30: run()
2025-06-15 12:21:49: loadConfig()
2025-06-15 12:21:49: run()
2025-06-15 12:23:41: loadConfig()
2025-06-15 12:23:41: run()
2025-06-15 12:23:41: MIATemplate: Logging a test message!
